// Jest Snapshot v1, https://jestjs.io/docs/snapshot-testing

exports[`Carousel renders Carousel with all content 1`] = `
<div>
  <section
    class="space-y-8 "
  >
    <h2
      class="text-3xl md:text-4xl font-bold text-gray-900"
    >
      Test Carousel
    </h2>
    <div
      class="relative "
    >
      <div
        class="flex gap-6 overflow-x-auto pb-4 [&::-webkit-scrollbar]:hidden [-ms-overflow-style:none] [scrollbar-width:none]"
        style="gap: 24px;"
      >
        <div
          class="flex-shrink-0"
          style="width: 288px; min-width: 288px;"
        >
          <div
            class="test-card"
            data-testid="card-1"
          >
            <h3>
              First Item
            </h3>
            <p>
              First description
            </p>
          </div>
        </div>
        <div
          class="flex-shrink-0"
          style="width: 288px; min-width: 288px;"
        >
          <div
            class="test-card"
            data-testid="card-2"
          >
            <h3>
              Second Item
            </h3>
            <p>
              Second description
            </p>
          </div>
        </div>
        <div
          class="flex-shrink-0"
          style="width: 288px; min-width: 288px;"
        >
          <div
            class="test-card"
            data-testid="card-3"
          >
            <h3>
              Third Item
            </h3>
            <p>
              Third description
            </p>
          </div>
        </div>
        <div
          class="flex-shrink-0"
          style="width: 288px; min-width: 288px;"
        >
          <div
            class="test-card"
            data-testid="card-4"
          >
            <h3>
              Fourth Item
            </h3>
            <p>
              Fourth description
            </p>
          </div>
        </div>
        <div
          class="flex-shrink-0"
          style="width: 288px; min-width: 288px;"
        >
          <div
            class="test-card"
            data-testid="card-5"
          >
            <h3>
              Fifth Item
            </h3>
            <p>
              Fifth description
            </p>
          </div>
        </div>
      </div>
    </div>
    <div
      class="flex items-center justify-center space-x-4"
    >
      <button
        aria-label="Previous page"
        class="w-10 h-10 rounded-full shadow-md border flex items-center justify-center transition-all duration-200 focus:outline-none bg-red-50 border-gray-200 cursor-not-allowed"
        disabled=""
      >
        <div
          class="w-5 h-5 text-red-200"
          data-testid="chevron-left-icon"
        >
          &lt;
        </div>
      </button>
      <div
        class="flex items-center space-x-2"
      >
        <button
          aria-label="Go to page 1 of 3"
          class="w-8 h-8 rounded-full flex items-center justify-center text-sm font-medium transition-all duration-200 focus:outline-none bg-red-100 text-red-800 shadow-md border-2 border-red-500"
        >
          1
        </button>
        <button
          aria-label="Go to page 2 of 3"
          class="w-8 h-8 rounded-full flex items-center justify-center text-sm font-medium transition-all duration-200 focus:outline-none bg-red-50 text-red-600 hover:bg-red-100 border border-red-100"
        >
          2
        </button>
        <button
          aria-label="Go to page 3 of 3"
          class="w-8 h-8 rounded-full flex items-center justify-center text-sm font-medium transition-all duration-200 focus:outline-none bg-red-50 text-red-600 hover:bg-red-100 border border-red-100"
        >
          3
        </button>
      </div>
      <button
        aria-label="Next page"
        class="w-10 h-10 rounded-full shadow-md border flex items-center justify-center transition-all duration-200 focus:outline-none bg-red-100 hover:bg-red-200 border-red-200 cursor-pointer"
      >
        <div
          class="w-5 h-5 text-red-700"
          data-testid="chevron-right-icon"
        >
          &gt;
        </div>
      </button>
    </div>
  </section>
</div>
`;
