// Jest Snapshot v1, https://jestjs.io/docs/snapshot-testing

exports[`FeaturedVideosSection renders FeaturedVideosSection with all content 1`] = `
<div>
  <section
    class="space-y-8"
  >
    <h2
      class="text-3xl md:text-4xl font-bold text-gray-900"
    >
      Featured Videos from Around the World
    </h2>
    <div
      class="grid grid-cols-1 md:grid-cols-2 lg:grid-cols-3 gap-6"
    >
      <div
        class="bg-white rounded-2xl overflow-hidden shadow-sm hover:shadow-md transition-shadow"
      >
        <div
          class="relative aspect-video bg-gray-200"
        >
          <img
            alt="Test video 1 thumbnail"
            class="object-cover"
            data-fill="true"
            data-testid="mock-image"
            src="/test-thumbnail1.jpg"
          />
          <div
            class="absolute inset-0 flex items-center justify-center"
          >
            <button
              aria-label="Play video"
              class="w-12 h-12 bg-white/90 rounded-full flex items-center justify-center hover:bg-white transition-colors cursor-pointer focus:outline-none focus:ring-2 focus:ring-blue-500"
            >
              <svg
                class="w-6 h-6 text-gray-800 ml-1"
                fill="currentColor"
                viewBox="0 0 24 24"
              >
                <path
                  d="M8 5v14l11-7z"
                />
              </svg>
            </button>
          </div>
        </div>
        <div
          class="p-6 space-y-3"
        >
          <h3
            class="text-lg font-semibold text-gray-900"
          >
            Test Video 1
          </h3>
          <p
            class="text-gray-600 text-sm leading-relaxed"
          >
            This is the first test video description with detailed information.
          </p>
        </div>
      </div>
      <div
        class="bg-white rounded-2xl overflow-hidden shadow-sm hover:shadow-md transition-shadow"
      >
        <div
          class="relative aspect-video bg-gray-200"
        >
          <img
            alt="Test video 2 thumbnail"
            class="object-cover"
            data-fill="true"
            data-testid="mock-image"
            src="/test-thumbnail2.jpg"
          />
          <div
            class="absolute inset-0 flex items-center justify-center"
          >
            <button
              aria-label="Play video"
              class="w-12 h-12 bg-white/90 rounded-full flex items-center justify-center hover:bg-white transition-colors cursor-pointer focus:outline-none focus:ring-2 focus:ring-blue-500"
            >
              <svg
                class="w-6 h-6 text-gray-800 ml-1"
                fill="currentColor"
                viewBox="0 0 24 24"
              >
                <path
                  d="M8 5v14l11-7z"
                />
              </svg>
            </button>
          </div>
        </div>
        <div
          class="p-6 space-y-3"
        >
          <h3
            class="text-lg font-semibold text-gray-900"
          >
            Test Video 2
          </h3>
          <p
            class="text-gray-600 text-sm leading-relaxed"
          >
            This is the second test video description with more content.
          </p>
        </div>
      </div>
      <div
        class="bg-white rounded-2xl overflow-hidden shadow-sm hover:shadow-md transition-shadow"
      >
        <div
          class="relative aspect-video bg-gray-200"
        >
          <img
            alt="Test video 3 thumbnail"
            class="object-cover"
            data-fill="true"
            data-testid="mock-image"
            src="/test-thumbnail3.jpg"
          />
          <div
            class="absolute inset-0 flex items-center justify-center"
          >
            <button
              aria-label="Play video"
              class="w-12 h-12 bg-white/90 rounded-full flex items-center justify-center hover:bg-white transition-colors cursor-pointer focus:outline-none focus:ring-2 focus:ring-blue-500"
            >
              <svg
                class="w-6 h-6 text-gray-800 ml-1"
                fill="currentColor"
                viewBox="0 0 24 24"
              >
                <path
                  d="M8 5v14l11-7z"
                />
              </svg>
            </button>
          </div>
        </div>
        <div
          class="p-6 space-y-3"
        >
          <h3
            class="text-lg font-semibold text-gray-900"
          >
            Test Video 3
          </h3>
          <p
            class="text-gray-600 text-sm leading-relaxed"
          >
            This is the third test video for grid layout testing.
          </p>
        </div>
      </div>
    </div>
  </section>
</div>
`;
