// Jest Snapshot v1, https://jestjs.io/docs/snapshot-testing

exports[`Footer Rendering matches snapshot 1`] = `
<div>
  <footer
    class="w-full bg-[#f5f5f5] border-t border-gray-200"
  >
    <div
      class="max-w-7xl mx-auto px-6 py-12"
    >
      <div
        class="flex flex-col xl:flex-row justify-between items-start gap-12"
      >
        <div
          class="flex flex-col gap-6 shrink-0"
        >
          <div
            class="flex items-start gap-8 flex-wrap xl:flex-nowrap"
          >
            <div
              class="flex flex-col items-center gap-3 w-[160px] mt-3"
            >
              <a
                href="https://www.ifrc.org"
              >
                <img
                  alt="IFRC"
                  class="h-12 w-auto object-contain"
                  height="40"
                  src="/wdr25/ifrc_logo.jpg"
                  width="120"
                />
              </a>
              <div
                class="flex gap-3"
              >
                <a
                  href="https://www.facebook.com/IFRC/"
                >
                  <svg
                    class="p-1 text-gray-400 hover:text-gray-700 transition"
                    data-testid="facebook-icon"
                  />
                </a>
                <a
                  href="https://www.youtube.com/user/ifrc"
                >
                  <svg
                    class="p-1 text-gray-400 hover:text-gray-700 transition"
                    data-testid="youtube-icon"
                  />
                </a>
                <a
                  href="https://www.linkedin.com/company/ifrc/"
                >
                  <svg
                    class="p-1 text-gray-400 hover:text-gray-700 transition"
                    data-testid="linkedin-icon"
                  />
                </a>
                <a
                  href="https://www.instagram.com/ifrc/"
                >
                  <svg
                    class="p-1 text-gray-400 hover:text-gray-700 transition"
                    data-testid="instagram-icon"
                  />
                </a>
              </div>
            </div>
            <div
              class="flex flex-col items-center gap-0 w-[160px]"
            >
              <a
                href="https://solferinoacademy.com"
              >
                <img
                  alt="Solferino Academy"
                  class="h-18 w-auto object-contain"
                  height="40"
                  src="/wdr25/solferino_logo.svg"
                  width="150"
                />
              </a>
              <div
                class="flex gap-3"
              >
                <a
                  href="https://www.facebook.com/people/IFRC-Solferino-Academy/61572985566986/"
                >
                  <svg
                    class="p-1 text-gray-400 hover:text-gray-700 transition"
                    data-testid="facebook-icon"
                  />
                </a>
                <a
                  href="https://www.youtube.com/@SolferinoAcademy"
                >
                  <svg
                    class="p-1 text-gray-400 hover:text-gray-700 transition"
                    data-testid="youtube-icon"
                  />
                </a>
                <a
                  href="https://www.linkedin.com/company/ifrc-solferino-academy/"
                >
                  <svg
                    class="p-1 text-gray-400 hover:text-gray-700 transition"
                    data-testid="linkedin-icon"
                  />
                </a>
                <a
                  href="https://www.instagram.com/ifrcsolferinoacademy/"
                >
                  <svg
                    class="p-1 text-gray-400 hover:text-gray-700 transition"
                    data-testid="instagram-icon"
                  />
                </a>
              </div>
            </div>
            <div
              class="flex flex-col items-center gap-1 w-[260px] mt-3"
            >
              <a
                href="https://www.mosaic-monash.ai/"
              >
                <img
                  alt="Monash Mosaic"
                  class="h-14 w-auto object-contain"
                  height="50"
                  src="/wdr25/mosaic_logo.svg"
                  width="260"
                />
              </a>
              <div
                class="flex gap-3"
              >
                <a
                  href="https://www.linkedin.com/company/mosaic-monash-student-team/"
                >
                  <svg
                    class="p-1 text-gray-400 hover:text-gray-700 transition"
                    data-testid="linkedin-icon"
                  />
                </a>
                <a
                  href="https://www.instagram.com/mosaic.monash/"
                >
                  <svg
                    class="p-1 text-gray-400 hover:text-gray-700 transition"
                    data-testid="instagram-icon"
                  />
                </a>
              </div>
            </div>
          </div>
        </div>
        <div
          class="flex gap-12 text-sm text-gray-800"
        >
          <div
            class="flex flex-col gap-2"
          >
            <p
              class="font-semibold"
            >
              Report
            </p>
            <a
              href="{"pathname":"/reports/[report]","params":{"report":"world-disasters-report-2025"}}"
            >
              Read Report
            </a>
            <a
              href="https://example.com/download.pdf"
            >
              Download Report
            </a>
            <a
              href="/issue"
            >
              Report an Issue
            </a>
          </div>
          <div
            class="flex flex-col gap-2"
          >
            <p
              class="font-semibold"
            >
              Disinformation Games
            </p>
            <a
              href="/disinformer"
            >
              Disinformer
            </a>
            <a
              href="/prebunk"
            >
              Ctrl + Alt + Prebunk
            </a>
          </div>
        </div>
        <div
          class="text-right"
        >
          <p
            class="font-bold text-black text-xl leading-tight"
          >
            World
             
            <br />
            Disasters
             
            <br />
            Report
          </p>
          <p
            class="mt-3 font-bold text-black text-2xl"
          >
            2025
          </p>
        </div>
      </div>
    </div>
  </footer>
</div>
`;
