// Jest Snapshot v1, https://jestjs.io/docs/snapshot-testing

exports[`Header matches snapshot 1`] = `
<div>
  <header
    class="w-full bg-white mb-4"
  >
    <input
      class="peer sr-only"
      id="mobile-menu-toggle"
      type="checkbox"
    />
    <div
      class="max-w-9/10 lg:max-w-8/10 mx-auto px-4 py-4 flex items-center justify-between [&_.menu-close-icon]:hidden peer-checked:[&_.menu-open-icon]:hidden peer-checked:[&_.menu-close-icon]:block"
    >
      <a
        href="/"
      >
        <img
          alt="Logo"
          class="min-w-[70px] h-auto"
          height="70"
          src="/wdr25/ifrc_logo.jpg"
          width="70"
        />
      </a>
      <nav
        class="hidden lg:flex items-center flex-1 justify-end ms-8"
      >
        <div
          class="flex items-center space-x-8 me-8"
        >
          <a
            class="text-gray-700 hover:text-gray-900 text-sm font-medium text-nowrap"
            href="/about"
          >
            About
          </a>
          <a
            class="text-gray-700 hover:text-gray-900 text-sm font-medium text-nowrap"
            href="/acknowledgement"
          >
            Acknowledgement
          </a>
          <div
            data-testid="locale-switcher"
          >
            Locale Switcher
          </div>
        </div>
        <div
          data-testid="search-input"
        >
          Search Input
        </div>
      </nav>
      <div
        class="lg:hidden flex items-center space-x-3"
      >
        <div
          data-testid="search-input"
        >
          Search Input
        </div>
        <div
          class="flex items-center space-x-3"
        >
          <div
            data-testid="locale-switcher"
          >
            Locale Switcher
          </div>
          <label
            aria-label="Toggle mobile menu"
            class="p-2 text-red-700 hover:text-red-900 transition-colors cursor-pointer inline-flex items-center justify-center"
            for="mobile-menu-toggle"
          >
            <span
              class="menu-open-icon"
              data-testid="menu-icon"
            />
            <span
              class="menu-close-icon"
              data-testid="x-icon"
            />
          </label>
        </div>
      </div>
    </div>
    <div
      class="hidden peer-checked:block lg:hidden bg-white border-t border-gray-200 shadow-lg"
    >
      <nav
        class="max-w-6xl mx-auto px-4 py-4 space-y-4"
      >
        <a
          class="block text-gray-700 hover:text-gray-900 text-sm font-medium py-2 border-b border-gray-100"
          href="/about"
        >
          About
        </a>
        <a
          class="block text-gray-700 hover:text-gray-900 text-sm font-medium py-2 border-b border-gray-100"
          href="/acknowledgement"
        >
          Acknowledgement
        </a>
      </nav>
    </div>
  </header>
</div>
`;
