// Jest Snapshot v1, https://jestjs.io/docs/snapshot-testing

exports[`HeroSection renders HeroSection with all content 1`] = `
<div>
  <section
    class="space-y-8"
  >
    <div
      class="text-left space-y-6"
    >
      <h1
        class="text-4xl md:text-6xl font-bold text-gray-900 leading-tight"
      >
        World Disasters Report 2025 Test Title
      </h1>
      <p
        class="text-lg md:text-xl text-gray-700 max-w-4xl leading-relaxed"
      >
        This is a comprehensive test description for the hero section that provides detailed information about the World Disasters Report and its importance in humanitarian work.
      </p>
      <div
        class="flex flex-col sm:flex-row gap-4 items-start"
      >
        <a
          class="px-6 py-3 bg-red-600 text-white rounded-lg font-medium hover:bg-red-700 transition-colors inline-flex items-center gap-2 whitespace-nowrap"
          data-testid="mock-link"
          href="/reports/wdr25"
        >
          Read Report
          <svg
            class="bi bi-eye w-5 h-5 flex-shrink-0"
            fill="currentColor"
            height="16"
            viewBox="0 0 16 16"
            width="16"
            xmlns="http://www.w3.org/2000/svg"
          >
            <path
              d="M16 8s-3-5.5-8-5.5S0 8 0 8s3 5.5 8 5.5S16 8 16 8M1.173 8a13 13 0 0 1 1.66-2.043C4.12 4.668 5.88 3.5 8 3.5s3.879 1.168 5.168 2.457A13 13 0 0 1 14.828 8q-.086.13-.195.288c-.335.48-.83 1.12-1.465 1.755C11.879 11.332 10.119 12.5 8 12.5s-3.879-1.168-5.168-2.457A13 13 0 0 1 1.172 8z"
            />
            <path
              d="M8 5.5a2.5 2.5 0 1 0 0 5 2.5 2.5 0 0 0 0-5M4.5 8a3.5 3.5 0 1 1 7 0 3.5 3.5 0 0 1-7 0"
            />
          </svg>
        </a>
        <button
          class="px-6 py-3 border-2 border-red-600 text-red-600 hover:bg-red-600 hover:text-white rounded-lg font-medium transition-colors inline-flex items-center gap-2 whitespace-nowrap cursor-pointer focus:outline-none focus:ring-2 focus:ring-red-500 focus:ring-offset-2"
          data-file-name="WDR25-EN.pdf"
          data-file-path="pdfs/wdr25/WDR25-EN.pdf"
          data-testid="mock-download-button"
        >
          Download PDF
          <svg
            class="w-5 h-5 flex-shrink-0"
            fill="currentColor"
            height="16"
            viewBox="0 0 16 16"
            width="16"
            xmlns="http://www.w3.org/2000/svg"
          >
            <path
              d="M.5 9.9a.5.5 0 0 1 .5.5v2.5a1 1 0 0 0 1 1h12a1 1 0 0 0 1-1v-2.5a.5.5 0 0 1 1 0v2.5a2 2 0 0 1-2 2H2a2 2 0 0 1-2-2v-2.5a.5.5 0 0 1 .5-.5"
            />
            <path
              d="M7.646 11.854a.5.5 0 0 0 .708 0l3-3a.5.5 0 0 0-.708-.708L8.5 10.293V1.5a.5.5 0 0 0-1 0v8.793L5.354 8.146a.5.5 0 1 0-.708.708z"
            />
          </svg>
        </button>
        <button
          class="px-6 py-3 text-red-600 font-medium transition-colors underline cursor-pointer inline-flex items-center gap-2 whitespace-nowrap"
        >
          Share Report
          <svg
            class="bi bi-box-arrow-up w-5 h-5 flex-shrink-0"
            fill="currentColor"
            height="16"
            viewBox="0 0 16 16"
            width="16"
            xmlns="http://www.w3.org/2000/svg"
          >
            <path
              d="M3.5 6a.5.5 0 0 0-.5.5v8a.5.5 0 0 0 .5.5h9a.5.5 0 0 0 .5-.5v-8a.5.5 0 0 0-.5-.5h-2a.5.5 0 0 1 0-1h2A1.5 1.5 0 0 1 14 6.5v8a1.5 1.5 0 0 1-1.5 1.5h-9A1.5 1.5 0 0 1 2 14.5v-8A1.5 1.5 0 0 1 3.5 5h2a.5.5 0 0 1 0 1z"
              fill-rule="evenodd"
            />
            <path
              d="M7.646.146a.5.5 0 0 1 .708 0l3 3a.5.5 0 0 1-.708.708L8.5 1.707V10.5a.5.5 0 0 1-1 0V1.707L5.354 3.854a.5.5 0 1 1-.708-.708z"
              fill-rule="evenodd"
            />
          </svg>
        </button>
      </div>
    </div>
    <div
      class="relative w-full aspect-video rounded-2xl overflow-hidden bg-gray-200"
    >
      <img
        alt="World Disasters Report hero image showing humanitarian workers in action"
        class="object-cover"
        data-fill="true"
        data-priority="true"
        data-testid="mock-image"
        src="/wdr25/hero.jpg"
      />
    </div>
  </section>
</div>
`;
