// Jest Snapshot v1, https://jestjs.io/docs/snapshot-testing

exports[`LocaleSwitcher renders LocaleSwitcher 1`] = `
<div>
  <select
    aria-label="Select language"
    class="px-6 py-3 bg-red-600 text-white rounded-lg font-medium hover:bg-red-700 transition-colors inline-flex items-center gap-2 whitespace-nowrap focus:outline-none"
    id="locale-switcher"
    name="locale"
    title="Select language"
  >
    <option
      disabled=""
      hidden=""
      value=""
    />
    <option
      data-testid="locale-switcher-value-en"
      disabled=""
      value="en"
    >
      English
    </option>
    <option
      data-testid="locale-switcher-value-fr"
      value="fr"
    >
      Francais
    </option>
    <option
      data-testid="locale-switcher-value-zh"
      value="zh"
    >
      Chinese
    </option>
    <option
      data-testid="locale-switcher-value-ru"
      value="ru"
    >
      Russian
    </option>
    <option
      data-testid="locale-switcher-value-ar"
      value="ar"
    >
      Arabic
    </option>
  </select>
</div>
`;
