// Jest Snapshot v1, https://jestjs.io/docs/snapshot-testing

exports[`LocaleSwitcher renders correctly and matches snapshot 1`] = `
<div>
  <div
    class="relative"
  >
    <button
      aria-label="Select language"
      class="p-2 md:px-6 md:py-3 bg-red-600 text-white rounded-lg font-medium hover:bg-red-700 transition-colors inline-flex items-center gap-1 md:gap-2 whitespace-nowrap focus:outline-none w-10 h-10 md:w-auto md:h-auto justify-center md:justify-start"
      title="Select language"
    >
      <span
        class="hidden md:inline"
      >
        Language
      </span>
      <div
        class="w-5 h-5 md:hidden text-white"
        data-testid="globe-icon"
      >
        Globe Icon
      </div>
      <div
        class="w-2 h-2 md:w-3 md:h-3 text-white"
        data-testid="chevron-down-icon"
      >
        ChevronDown Icon
      </div>
    </button>
  </div>
</div>
`;
