// Jest Snapshot v1, https://jestjs.io/docs/snapshot-testing

exports[`TestimonialCard renders TestimonialCard with all content 1`] = `
<div>
  <div
    class="bg-white rounded-2xl p-6 shadow-sm hover:shadow-md transition-shadow h-full border border-gray-200"
  >
    <div
      class="flex items-center space-x-3 mt-auto"
    >
      <div
        class="w-10 h-10 bg-gray-200 rounded-full flex items-center justify-center flex-shrink-0"
      >
        <svg
          aria-hidden="true"
          class="lucide lucide-circle-user stroke-[1.5] bg-white text-red-600"
          fill="none"
          height="40"
          stroke="currentColor"
          stroke-linecap="round"
          stroke-linejoin="round"
          stroke-width="2"
          viewBox="0 0 24 24"
          width="40"
          xmlns="http://www.w3.org/2000/svg"
        >
          <circle
            cx="12"
            cy="12"
            r="10"
          />
          <circle
            cx="12"
            cy="10"
            r="3"
          />
          <path
            d="M7 20.662V19a2 2 0 0 1 2-2h6a2 2 0 0 1 2 2v1.662"
          />
        </svg>
      </div>
    </div>
    <blockquote
      class="text-gray-800 leading-relaxed mb-6 mt-6"
    >
      "
      This is a test testimonial quote that demonstrates the impact of humanitarian work in our community.
      "
    </blockquote>
  </div>
</div>
`;
